case_4.sy:2 break statement not within a loop
case_4.sy:8 continue statement not within a loop
