----------------symbol table-----------------------
Index	Name	Level	Type	Flag	Param_num
---------------------------------------------------
0	    a	    0	    int	    V
---------------------------------------------------


----------------symbol table-----------------------
Index	Name	Level	Type	Flag	Param_num
---------------------------------------------------
0	    a	    0	    int	    V
1	    func	0	int(int)	F	    1
---------------------------------------------------


----------------symbol table-----------------------
Index	Name	Level	Type	Flag	Param_num
---------------------------------------------------
0	a	0	int	V
1	func	0	int(int)	F	1
2	p	1	int	P
---------------------------------------------------


----------------symbol table-----------------------
Index	Name	Level	Type	Flag	Param_num
---------------------------------------------------
0	a	0	int	V
1	func	0	int(int)	F	1
---------------------------------------------------
----------------symbol table-----------------------
Index	Name	Level	Type	Flag	Param_num
---------------------------------------------------
0	a	0	int	V
1	func	0	int(int)	F	1
2	main	0	int(void)	F	0
---------------------------------------------------
----------------symbol table-----------------------
Index	Name	Level	Type	Flag	Param_num
---------------------------------------------------
0	a	0	int	V
1	func	0	int(int)	F	1
2	main	0	int(void)	F	0
3	b	1	int	V
---------------------------------------------------
----------------symbol table-----------------------
Index	Name	Level	Type	Flag	Param_num
---------------------------------------------------
0	a	0	int	V
1	func	0	int(int)	F	1
2	main	0	int(void)	F	0
---------------------------------------------------

